// Jest Snapshot v1, https://goo.gl/fbAQLP

exports[`TransactionForm Snapshot 1`] = `
<body>
  <div>
    <div
      class="sc-dkzDqf gKtSyn"
    >
      <div
        class="sc-bczRLJ"
      >
        <p>
          Withdraw 
          Stakers
           Reward 
          3000
           
          DEV
           available
        </p>
        <div
          class="sc-gsnTZi btCWPf"
        >
          <button
            class="ant-btn ant-btn-primary ant-btn-lg"
            type="button"
          >
            <span>
              Withdraw
            </span>
          </button>
        </div>
      </div>
      <div
        class="sc-bczRLJ"
      >
        <p>
          Withdraw 
          Creators
           Reward 
          6000
           
          DEV
           available
        </p>
        <div
          class="sc-gsnTZi btCWPf"
        >
          <button
            class="ant-btn ant-btn-primary ant-btn-lg"
            type="button"
          >
            <span>
              Withdraw
            </span>
          </button>
        </div>
      </div>
    </div>
  </div>
</body>
`;
